#
# There is insufficient memory for the Java Runtime Environment to continue.
# Native memory allocation (mmap) failed to map 65536 bytes. Error detail: Failed to commit metaspace.
# Possible reasons:
#   The system is out of physical RAM or swap space
#   This process is running with CompressedOops enabled, and the Java Heap may be blocking the growth of the native heap
# Possible solutions:
#   Reduce memory load on the system
#   Increase physical memory or swap space
#   Check if swap backing store is full
#   Decrease Java heap size (-Xmx/-Xms)
#   Decrease number of Java threads
#   Decrease Java thread stack sizes (-Xss)
#   Set larger code cache with -XX:ReservedCodeCacheSize=
#   JVM is running with Unscaled Compressed Oops mode in which the Java heap is
#     placed in the first 4GB address space. The Java Heap base address is the
#     maximum limit for the native heap growth. Please use -XX:HeapBaseMinAddress
#     to set the Java Heap base and to place the Java Heap above 4GB virtual address.
# This output file may be truncated or incomplete.
#
#  Out of Memory Error (virtualSpaceNode.cpp:113), pid=6532, tid=22224
#
# JRE version:  (21.0.12.1+1) (build )
# Java VM: OpenJDK 64-Bit Server VM (21.0.12.1+1-LTS, mixed mode, tiered, compressed oops, compressed class ptrs, parallel gc, windows-amd64)
# No core dump will be written. Minidumps are not enabled by default on client versions of Windows
#

---------------  S U M M A R Y ------------

Command Line: --add-modules=ALL-SYSTEM --add-opens=java.base/java.util=ALL-UNNAMED --add-opens=java.base/java.lang=ALL-UNNAMED --add-opens=java.base/sun.nio.fs=ALL-UNNAMED -Declipse.application=org.eclipse.jdt.ls.core.id1 -Dosgi.bundles.defaultStartLevel=4 -Declipse.product=org.eclipse.jdt.ls.core.product -Djava.import.generatesMetadataFilesAtProjectRoot=false -Dm2e.project.cache.size=50 -DDetectVMInstallationsJob.disabled=true -Dfile.encoding=utf8 -XX:+UseParallelGC -XX:GCTimeRatio=4 -XX:AdaptiveSizePolicyWeight=90 -Dsun.zip.disableMemoryMapping=true -Xmx2G -Xms100m -Xlog:disable -javaagent:c:\Users\Asus\.vscode\extensions\redhat.java-1.56.0-win32-x64\lombok\lombok-1.18.39-4050.jar -XX:+HeapDumpOnOutOfMemoryError -XX:HeapDumpPath=c:\Users\Asus\AppData\Roaming\Code\User\workspaceStorage\39c12edf83aac0761b21ffdf05613e58\redhat.java -Daether.dependencyCollector.impl=bf c:\Users\Asus\.vscode\extensions\redhat.java-1.56.0-win32-x64\server\plugins\org.eclipse.equinox.launcher_1.8.0.v20260804-1928.jar -configuration c:\Users\Asus\AppData\Roaming\Code\User\globalStorage\redhat.java\1.56.0\config_win -data c:\Users\Asus\AppData\Roaming\Code\User\workspaceStorage\39c12edf83aac0761b21ffdf05613e58\redhat.java\jdt_ws --pipe=\\.\pipe\lsp-1830dda37b6d950f0a7340fb94e9aa4c-sock

Host: Intel(R) Core(TM) i7-8750H CPU @ 2.20GHz, 12 cores, 7G,  Windows 11 , 64 bit Build 26100 (10.0.26100.9444)
Time: Thu Sep 24 20:48:12 2026 Azerbaijan Standard Time elapsed time: 0.077887 seconds (0d 0h 0m 0s)

---------------  T H R E A D  ---------------

Current thread (0x0000023a471a8840):  JavaThread "Unknown thread" [_thread_in_vm, id=22224, stack(0x000000f099000000,0x000000f099100000) (1024K)]

Stack: [0x000000f099000000,0x000000f099100000]
Native frames: (J=compiled Java code, j=interpreted, Vv=VM code, C=native code)
V  [jvm.dll+0x6d83e9]
V  [jvm.dll+0x8b5736]
V  [jvm.dll+0x8b7cee]
V  [jvm.dll+0x8b83d3]
V  [jvm.dll+0x284596]
V  [jvm.dll+0x8b147e]
V  [jvm.dll+0x679ad4]
V  [jvm.dll+0x679b3a]
V  [jvm.dll+0x67c336]
V  [jvm.dll+0x67c202]
V  [jvm.dll+0x67a4ae]
V  [jvm.dll+0x219b60]
V  [jvm.dll+0x21a5d8]
V  [jvm.dll+0x20f80e]
V  [jvm.dll+0x5b6a7f]
V  [jvm.dll+0x2218ae]
V  [jvm.dll+0x82ec5d]
V  [jvm.dll+0x82fc8b]
V  [jvm.dll+0x830254]
V  [jvm.dll+0x82fee8]
V  [jvm.dll+0x8b36e8]
V  [jvm.dll+0x8b34c6]
V  [jvm.dll+0x87dce7]
V  [jvm.dll+0x87f60d]
V  [jvm.dll+0x3c4ef9]
V  [jvm.dll+0x868a4b]
V  [jvm.dll+0x458071]
V  [jvm.dll+0x459c61]
C  [jli.dll+0x52dc]
C  [ucrtbase.dll+0x2cd30]
C  [KERNEL32.DLL+0x2cd87]
C  [ntdll.dll+0xacaec]


---------------  P R O C E S S  ---------------

Threads class SMR info:
_java_thread_list=0x0000023a000dc680, length=1, elements={
0x0000023a471a8840
}

Java Threads: ( => current thread )
=>0x0000023a471a8840 JavaThread "Unknown thread"             [_thread_in_vm, id=22224, stack(0x000000f099000000,0x000000f099100000) (1024K)]
Total: 1

Other Threads:
  0x0000023a000dca10 WatcherThread "VM Periodic Task Thread"        [id=18520, stack(0x000000f099200000,0x000000f099300000) (1024K)]
  0x0000023a471c7db0 WorkerThread "GC Thread#0"                     [id=23444, stack(0x000000f099100000,0x000000f099200000) (1024K)]
Total: 2

Threads with active compile tasks:
Total: 0

VM state: not at safepoint (not fully initialized)

VM Mutex/Monitor currently owned by a thread:  ([mutex/lock_event])
[0x00007ffda9e4d530] Metaspace_lock - owner thread: 0x0000023a471a8840

Heap address: 0x0000000080000000, size: 2048 MB, Compressed Oops mode: 32-bit

CDS archive(s) not mapped
Compressed class space mapped at: 0x0000000100000000-0x0000000140000000, reserved size: 1073741824
Narrow klass base: 0x0000000000000000, Narrow klass shift: 3, Narrow klass range: 0x140000000

GC Precious Log:
 CardTable entry size: 512
 CPUs: 12 total, 12 available
 Memory: 8114M
 Large Page Support: Disabled
 NUMA Support: Disabled
 Compressed Oops: Enabled (32-bit)
 Alignments: Space 512K, Generation 512K, Heap 2M
 Heap Min Capacity: 100M
 Heap Initial Capacity: 100M
 Heap Max Capacity: 2G
 Pre-touch: Disabled
 Parallel Workers: 10

Heap:
 PSYoungGen      total 29696K, used 512K [0x00000000d5580000, 0x00000000d7680000, 0x0000000100000000)
  eden space 25600K, 2% used [0x00000000d5580000,0x00000000d5600070,0x00000000d6e80000)
  from space 4096K, 0% used [0x00000000d7280000,0x00000000d7280000,0x00000000d7680000)
  to   space 4096K, 0% used [0x00000000d6e80000,0x00000000d6e80000,0x00000000d7280000)
 ParOldGen       total 68608K, used 0K [0x0000000080000000, 0x0000000084300000, 0x00000000d5580000)
  object space 68608K, 0% used [0x0000000080000000,0x0000000080000000,0x0000000084300000)
 Metaspace       used 1177K, committed 1216K, reserved 1114112K
  class space    used 89K, committed 128K, reserved 1048576K

Card table byte_map: [0x0000023a46b50000,0x0000023a46f60000] _byte_map_base: 0x0000023a46750000

Marking Bits: (ParMarkBitMap*) 0x00007ffda9e544a0
 Begin Bits: [0x0000023a59660000, 0x0000023a5b660000)
 End Bits:   [0x0000023a5b660000, 0x0000023a5d660000)

GC Heap History (0 events):
No events

Dll operation events (4 events):
Event: 0.015 Attempting to load shared library c:\Users\Asus\.vscode\extensions\redhat.java-1.56.0-win32-x64\jre\21.0.12.1-win32-x86_64\bin\java.dll
Event: 0.015 Loaded shared library c:\Users\Asus\.vscode\extensions\redhat.java-1.56.0-win32-x64\jre\21.0.12.1-win32-x86_64\bin\java.dll
Event: 0.043 Attempting to load shared library c:\Users\Asus\.vscode\extensions\redhat.java-1.56.0-win32-x64\jre\21.0.12.1-win32-x86_64\bin\zip.dll
Event: 0.043 Loaded shared library c:\Users\Asus\.vscode\extensions\redhat.java-1.56.0-win32-x64\jre\21.0.12.1-win32-x86_64\bin\zip.dll

Deoptimization events (0 events):
No events

Classes loaded (20 events):
Event: 0.073 Loading class java/util/List
Event: 0.073 Loading class java/util/SequencedCollection
Event: 0.073 Loading class java/util/Collection
Event: 0.074 Loading class java/lang/Iterable
Event: 0.074 Loading class java/lang/Iterable done
Event: 0.074 Loading class java/util/Collection done
Event: 0.074 Loading class java/util/SequencedCollection done
Event: 0.074 Loading class java/util/List done
Event: 0.074 Loading class java/util/RandomAccess
Event: 0.074 Loading class java/util/RandomAccess done
Event: 0.074 Loading class java/util/AbstractList
Event: 0.074 Loading class java/util/AbstractCollection
Event: 0.074 Loading class java/util/AbstractCollection done
Event: 0.074 Loading class java/util/AbstractList done
Event: 0.074 Loading class java/util/ArrayList done
Event: 0.074 Loading class java/lang/StackTraceElement
Event: 0.074 Loading class java/lang/StackTraceElement done
Event: 0.074 Loading class java/nio/Buffer
Event: 0.075 Loading class java/nio/Buffer done
Event: 0.075 Loading class java/lang/StackWalker

Classes unloaded (0 events):
No events

Classes redefined (0 events):
No events

Internal exceptions (0 events):
No events

ZGC Phase Switch (0 events):
No events

VM Operations (0 events):
No events

Memory protections (0 events):
No events

Nmethod flushes (0 events):
No events

Events (1 events):
Event: 0.042 Thread 0x0000023a471a8840 Thread added: 0x0000023a471a8840


Dynamic libraries:
0x00007ff6f18f0000 - 0x00007ff6f18fe000 	c:\Users\Asus\.vscode\extensions\redhat.java-1.56.0-win32-x64\jre\21.0.12.1-win32-x86_64\bin\java.exe
0x00007ffe352c0000 - 0x00007ffe35527000 	C:\WINDOWS\SYSTEM32\ntdll.dll
0x00007ffe33770000 - 0x00007ffe3383b000 	C:\WINDOWS\System32\KERNEL32.DLL
0x00007ffe326f0000 - 0x00007ffe32af2000 	C:\WINDOWS\System32\KERNELBASE.dll
0x00007ffe32b00000 - 0x00007ffe32c4c000 	C:\WINDOWS\System32\ucrtbase.dll
0x00007ffe18f90000 - 0x00007ffe18fa8000 	c:\Users\Asus\.vscode\extensions\redhat.java-1.56.0-win32-x64\jre\21.0.12.1-win32-x86_64\bin\jli.dll
0x00007ffe1a120000 - 0x00007ffe1a13e000 	c:\Users\Asus\.vscode\extensions\redhat.java-1.56.0-win32-x64\jre\21.0.12.1-win32-x86_64\bin\VCRUNTIME140.dll
0x00007ffe34ee0000 - 0x00007ffe350af000 	C:\WINDOWS\System32\USER32.dll
0x00007ffe20740000 - 0x00007ffe209d0000 	C:\WINDOWS\WinSxS\amd64_microsoft.windows.common-controls_6595b64144ccf1df_6.0.26100.9278_none_3e0d1ba8e3303201\COMCTL32.dll
0x00007ffe32f20000 - 0x00007ffe32f47000 	C:\WINDOWS\System32\win32u.dll
0x00007ffe350c0000 - 0x00007ffe35169000 	C:\WINDOWS\System32\msvcrt.dll
0x00007ffe35250000 - 0x00007ffe3527b000 	C:\WINDOWS\System32\GDI32.dll
0x00007ffe32c60000 - 0x00007ffe32d89000 	C:\WINDOWS\System32\gdi32full.dll
0x00007ffe324c0000 - 0x00007ffe32563000 	C:\WINDOWS\System32\msvcp_win.dll
0x00007ffe33190000 - 0x00007ffe331c1000 	C:\WINDOWS\System32\IMM32.DLL
0x00007ffe23ca0000 - 0x00007ffe23cac000 	c:\Users\Asus\.vscode\extensions\redhat.java-1.56.0-win32-x64\jre\21.0.12.1-win32-x86_64\bin\vcruntime140_1.dll
0x00007ffdcd960000 - 0x00007ffdcd9ed000 	c:\Users\Asus\.vscode\extensions\redhat.java-1.56.0-win32-x64\jre\21.0.12.1-win32-x86_64\bin\msvcp140.dll
0x00007ffda9190000 - 0x00007ffda9f32000 	c:\Users\Asus\.vscode\extensions\redhat.java-1.56.0-win32-x64\jre\21.0.12.1-win32-x86_64\bin\server\jvm.dll
0x00007ffe336a0000 - 0x00007ffe3375c000 	C:\WINDOWS\System32\ADVAPI32.dll
0x00007ffe34b40000 - 0x00007ffe34be9000 	C:\WINDOWS\System32\sechost.dll
0x00007ffe339a0000 - 0x00007ffe33ab8000 	C:\WINDOWS\System32\RPCRT4.dll
0x00007ffe32fe0000 - 0x00007ffe33060000 	C:\WINDOWS\System32\WS2_32.dll
0x00007ffe32320000 - 0x00007ffe3237e000 	C:\WINDOWS\SYSTEM32\POWRPROF.dll
0x00007ffe269d0000 - 0x00007ffe26a06000 	C:\WINDOWS\SYSTEM32\WINMM.dll
0x00007ffe2c1f0000 - 0x00007ffe2c1fb000 	C:\WINDOWS\SYSTEM32\VERSION.dll
0x00007ffe32300000 - 0x00007ffe32315000 	C:\WINDOWS\SYSTEM32\UMPDC.dll
0x00007ffe31190000 - 0x00007ffe311ab000 	C:\WINDOWS\SYSTEM32\kernel.appcore.dll
0x00007ffe21d40000 - 0x00007ffe21d4a000 	c:\Users\Asus\.vscode\extensions\redhat.java-1.56.0-win32-x64\jre\21.0.12.1-win32-x86_64\bin\jimage.dll
0x00007ffe2fc20000 - 0x00007ffe2fe6c000 	C:\WINDOWS\SYSTEM32\DBGHELP.DLL
0x00007ffe33b40000 - 0x00007ffe33ec5000 	C:\WINDOWS\System32\combase.dll
0x00007ffe34950000 - 0x00007ffe34a29000 	C:\WINDOWS\System32\OLEAUT32.dll
0x00007ffe15a40000 - 0x00007ffe15a7b000 	C:\WINDOWS\SYSTEM32\dbgcore.DLL
0x00007ffe32630000 - 0x00007ffe326dc000 	C:\WINDOWS\System32\bcryptPrimitives.dll
0x00007ffe1a100000 - 0x00007ffe1a10f000 	c:\Users\Asus\.vscode\extensions\redhat.java-1.56.0-win32-x64\jre\21.0.12.1-win32-x86_64\bin\instrument.dll
0x00007ffe169f0000 - 0x00007ffe16a10000 	c:\Users\Asus\.vscode\extensions\redhat.java-1.56.0-win32-x64\jre\21.0.12.1-win32-x86_64\bin\java.dll
0x00007ffe169d0000 - 0x00007ffe169e8000 	c:\Users\Asus\.vscode\extensions\redhat.java-1.56.0-win32-x64\jre\21.0.12.1-win32-x86_64\bin\zip.dll

JVMTI agents:
c:\Users\Asus\.vscode\extensions\redhat.java-1.56.0-win32-x64\lombok\lombok-1.18.39-4050.jar path:none, loaded, not initialized, instrumentlib options:none

dbghelp: loaded successfully - version: 4.0.5 - missing functions: none
symbol engine: initialized successfully - sym options: 0x614 - pdb path: .;c:\Users\Asus\.vscode\extensions\redhat.java-1.56.0-win32-x64\jre\21.0.12.1-win32-x86_64\bin;C:\WINDOWS\SYSTEM32;C:\WINDOWS\WinSxS\amd64_microsoft.windows.common-controls_6595b64144ccf1df_6.0.26100.9278_none_3e0d1ba8e3303201;c:\Users\Asus\.vscode\extensions\redhat.java-1.56.0-win32-x64\jre\21.0.12.1-win32-x86_64\bin\server

VM Arguments:
jvm_args: --add-modules=ALL-SYSTEM --add-opens=java.base/java.util=ALL-UNNAMED --add-opens=java.base/java.lang=ALL-UNNAMED --add-opens=java.base/sun.nio.fs=ALL-UNNAMED -Declipse.application=org.eclipse.jdt.ls.core.id1 -Dosgi.bundles.defaultStartLevel=4 -Declipse.product=org.eclipse.jdt.ls.core.product -Djava.import.generatesMetadataFilesAtProjectRoot=false -Dm2e.project.cache.size=50 -DDetectVMInstallationsJob.disabled=true -Dfile.encoding=utf8 -XX:+UseParallelGC -XX:GCTimeRatio=4 -XX:AdaptiveSizePolicyWeight=90 -Dsun.zip.disableMemoryMapping=true -Xmx2G -Xms100m -Xlog:disable -javaagent:c:\Users\Asus\.vscode\extensions\redhat.java-1.56.0-win32-x64\lombok\lombok-1.18.39-4050.jar -XX:+HeapDumpOnOutOfMemoryError -XX:HeapDumpPath=c:\Users\Asus\AppData\Roaming\Code\User\workspaceStorage\39c12edf83aac0761b21ffdf05613e58\redhat.java -Daether.dependencyCollector.impl=bf 
java_command: c:\Users\Asus\.vscode\extensions\redhat.java-1.56.0-win32-x64\server\plugins\org.eclipse.equinox.launcher_1.8.0.v20260804-1928.jar -configuration c:\Users\Asus\AppData\Roaming\Code\User\globalStorage\redhat.java\1.56.0\config_win -data c:\Users\Asus\AppData\Roaming\Code\User\workspaceStorage\39c12edf83aac0761b21ffdf05613e58\redhat.java\jdt_ws --pipe=\\.\pipe\lsp-1830dda37b6d950f0a7340fb94e9aa4c-sock
java_class_path (initial): c:\Users\Asus\.vscode\extensions\redhat.java-1.56.0-win32-x64\server\plugins\org.eclipse.equinox.launcher_1.8.0.v20260804-1928.jar
Launcher Type: SUN_STANDARD

[Global flags]
    uintx AdaptiveSizePolicyWeight                 = 90                                        {product} {command line}
     intx CICompilerCount                          = 4                                         {product} {ergonomic}
    uintx GCTimeRatio                              = 4                                         {product} {command line}
     bool HeapDumpOnOutOfMemoryError               = true                                   {manageable} {command line}
    ccstr HeapDumpPath                             = c:\Users\Asus\AppData\Roaming\Code\User\workspaceStorage\39c12edf83aac0761b21ffdf05613e58\redhat.java         {manageable} {command line}
   size_t InitialHeapSize                          = 104857600                                 {product} {command line}
   size_t MaxHeapSize                              = 2147483648                                {product} {command line}
   size_t MaxNewSize                               = 715653120                                 {product} {ergonomic}
   size_t MinHeapDeltaBytes                        = 524288                                    {product} {ergonomic}
   size_t MinHeapSize                              = 104857600                                 {product} {command line}
   size_t NewSize                                  = 34603008                                  {product} {ergonomic}
    uintx NonNMethodCodeHeapSize                   = 5839372                                {pd product} {ergonomic}
    uintx NonProfiledCodeHeapSize                  = 122909434                              {pd product} {ergonomic}
   size_t OldSize                                  = 70254592                                  {product} {ergonomic}
    uintx ProfiledCodeHeapSize                     = 122909434                              {pd product} {ergonomic}
    uintx ReservedCodeCacheSize                    = 251658240                              {pd product} {ergonomic}
     bool SegmentedCodeCache                       = true                                      {product} {ergonomic}
   size_t SoftMaxHeapSize                          = 2147483648                             {manageable} {ergonomic}
     bool UseCompressedOops                        = true                           {product lp64_product} {ergonomic}
     bool UseLargePagesIndividualAllocation        = false                                  {pd product} {ergonomic}
     bool UseParallelGC                            = true                                      {product} {command line}

Logging:
Log output configuration:
 #0: stdout all=off uptime,level,tags foldmultilines=false
 #1: stderr all=off uptime,level,tags foldmultilines=false

Release file:
<release file has not been read>
Environment Variables:
PATH=C:\Program Files\Common Files\Oracle\Java\javapath;C:\WINDOWS\system32;C:\WINDOWS;C:\WINDOWS\System32\Wbem;C:\WINDOWS\System32\WindowsPowerShell\v1.0\;C:\WINDOWS\System32\OpenSSH\;C:\Program Files\7-Zip;C:\Program Files\Intel\WiFi\bin\;C:\Program Files\Common Files\Intel\WirelessCommon\;C:\Program Files\Git\cmd;C:\Program Files\Calibre2\;C:\Program Files\Java\jdk-26.0.2.1\bin;C:\Users\Asus\AppData\Local\Programs\Python\Python313\Scripts\;C:\Users\Asus\AppData\Local\Programs\Python\Python313\;C:\Users\Asus\AppData\Local\Microsoft\WindowsApps;C:\Users\Asus\AppData\Local\Programs\Microsoft VS Code\bin
USERNAME=Asus
OS=Windows_NT
PROCESSOR_IDENTIFIER=Intel64 Family 6 Model 158 Stepping 10, GenuineIntel
TMP=C:\Users\Asus\AppData\Local\Temp
TEMP=C:\Users\Asus\AppData\Local\Temp




Periodic native trim disabled

---------------  S Y S T E M  ---------------

OS:
 Windows 11 , 64 bit Build 26100 (10.0.26100.9444)
OS uptime: 13 days 0:08 hours

CPU: total 12 (initial active 12) (6 cores per cpu, 2 threads per core) family 6 model 158 stepping 10 microcode 0xde, cx8, cmov, fxsr, ht, mmx, 3dnowpref, sse, sse2, sse3, ssse3, sse4.1, sse4.2, popcnt, lzcnt, tsc, tscinvbit, avx, avx2, aes, erms, clmul, bmi1, bmi2, adx, fma, vzeroupper, clflush, clflushopt, rdtscp, f16c
Processor Information for the first 12 processors :
  Max Mhz: 2208, Current Mhz: 2208, Mhz Limit: 2208

Memory: 4k page, system-wide physical 8114M (881M free)
TotalPageFile size 23244M (AvailPageFile size 3M)
current process WorkingSet (physical memory assigned to process): 17M, peak: 17M
current process commit charge ("private bytes"): 182M, peak: 191M

vm_info: OpenJDK 64-Bit Server VM (21.0.12.1+1-LTS) for windows-amd64 JRE (21.0.12.1+1-LTS), built on 2026-08-18T00:00:00Z by "admin" with MS VC++ 17.12 (VS2022)

END.
